// Vitest Snapshot v1, https://vitest.dev/guide/snapshot.html

exports[`PageSection.vue > matches snapshot 1`] = `
"<section class="flex-col flex flex-wrap w-full">
  <h1 class="font-bold text-2xl mb-4 w-full">Hello, world!</h1>
  <div class="text-lg sm:text-wrap w-full">This is a test slot content</div>
  <hr>
</section>"
`;
